%!Adobe-FontList 1.14
%Locale:0x409

%BeginFont
Handler:DirectoryHandler
FontType:Type1
FontName:MinionPro-Regular
FamilyName:Minion Pro
StyleName:Regular
MenuName:Minion Pro
StyleBits:0
WeightClass:400
WidthClass:5
AngleClass:0
FullName:Minion Pro
WritingScript:Roman
OutlineFileName:\MinionPro-Regular.otf
DataFormat:sfntData
UsesStandardEncoding:yes
isCFF:yes
FileLength:231312
FileModTime:1329956353
DesignSize:110
%EndFont

%BeginFont
Handler:DirectoryHandler
FontType:Type1
FontName:Museo700-Regular
FamilyName:Museo
StyleName:700
MenuName:Museo 700
StyleBits:0
WeightClass:700
WidthClass:5
AngleClass:0
FullName:Museo 700 Regular
WritingScript:Roman
OutlineFileName:\Museo700-Regular.otf
DataFormat:sfntData
UsesStandardEncoding:yes
isCFF:yes
FileLength:129136
FileModTime:1205125512
%EndFont

%BeginFont
Handler:DirectoryHandler
FontType:Type1
FontName:Museo900-Regular
FamilyName:Museo
StyleName:900
MenuName:Museo 900
StyleBits:0
WeightClass:900
WidthClass:5
AngleClass:0
FullName:Museo 900 Regular
WritingScript:Roman
OutlineFileName:\Museo900-Regular.otf
DataFormat:sfntData
UsesStandardEncoding:yes
isCFF:yes
FileLength:129216
FileModTime:1205161502
%EndFont

%BeginFont
Handler:DirectoryHandler
FontType:TrueType
FontName:Tahoma
FamilyName:Tahoma
StyleName:Regular
MenuName:Tahoma
StyleBits:0
WeightClass:400
WidthClass:5
AngleClass:0
FullName:Tahoma
WritingScript:Roman
OutlineFileName:\Tahoma.ttf
DataFormat:sfntData
FileLength:681120
FileModTime:1410310413
%EndFont

%BeginFont
Handler:DirectoryHandler
FontType:Type1
FontName:ZonaPro-Bold
FamilyName:Zona Pro
StyleName:Bold
MenuName:Zona Pro Bold
StyleBits:0
WeightClass:400
WidthClass:5
AngleClass:0
FullName:Zona Pro Bold
WritingScript:Roman
OutlineFileName:\ZonaPro-Bold.otf
DataFormat:sfntData
UsesStandardEncoding:yes
isCFF:yes
FileLength:138700
FileModTime:1397763428
%EndFont

%BeginFont
Handler:DirectoryHandler
FontType:Type1
FontName:ZonaPro-ExtraBold
FamilyName:Zona Pro
StyleName:ExtraBold
MenuName:Zona Pro ExtraBold
StyleBits:0
WeightClass:450
WidthClass:5
AngleClass:0
FullName:Zona Pro ExtraBold
WritingScript:Roman
OutlineFileName:\ZonaPro-ExtraBold.otf
DataFormat:sfntData
UsesStandardEncoding:yes
isCFF:yes
FileLength:137652
FileModTime:1397763066
%EndFont

%BeginFont
Handler:DirectoryHandler
FontType:Type1
FontName:ZonaPro-Light
FamilyName:Zona Pro
StyleName:Light
MenuName:Zona Pro Light
StyleBits:0
WeightClass:300
WidthClass:5
AngleClass:0
FullName:Zona Pro Light
WritingScript:Roman
OutlineFileName:\ZonaPro-Light.otf
DataFormat:sfntData
UsesStandardEncoding:yes
isCFF:yes
FileLength:137876
FileModTime:1397764098
%EndFont

%BeginFont
Handler:DirectoryHandler
FontType:Type1
FontName:ZonaPro-SemiBold
FamilyName:Zona Pro
StyleName:SemiBold
MenuName:Zona Pro SemiBold
StyleBits:0
WeightClass:350
WidthClass:5
AngleClass:0
FullName:Zona Pro SemiBold
WritingScript:Roman
OutlineFileName:\ZonaPro-SemiBold.otf
DataFormat:sfntData
UsesStandardEncoding:yes
isCFF:yes
FileLength:137944
FileModTime:1397763580
%EndFont

%BeginFont
Handler:DirectoryHandler
FontType:Type1
FontName:ZonaPro
FamilyName:Zona Pro
StyleName:Regular
MenuName:Zona Pro 
StyleBits:0
WeightClass:325
WidthClass:5
AngleClass:0
FullName:Zona Pro 
WritingScript:Roman
OutlineFileName:\ZonaPro.otf
DataFormat:sfntData
UsesStandardEncoding:yes
isCFF:yes
FileLength:138400
FileModTime:1397767090
%EndFont

